../Core/Src/main.c:70:6:map	24	static
../Core/Src/main.c:74:6:delayUs	16	static
../Core/Src/main.c:79:6:launchDetectColor	32	static
../Core/Src/main.c:110:5:main	8	static
../Core/Src/main.c:174:6:SystemClock_Config	88	static
../Core/Src/main.c:221:13:MX_ADC1_Init	24	static
../Core/Src/main.c:273:13:MX_TIM11_Init	8	static
../Core/Src/main.c:304:13:MX_USART2_UART_Init	8	static
../Core/Src/main.c:335:13:MX_DMA_Init	16	static
../Core/Src/main.c:353:13:MX_GPIO_Init	40	static
../Core/Src/main.c:395:6:Error_Handler	4	static,ignoring_inline_asm
