16:06:31 **** Incremental Build of configuration Debug for project DcMotor ****
make -j4 all 
arm-none-eabi-gcc "../Core/Src/main.c" -mcpu=cortex-m4 -std=gnu11 -g3 -DDEBUG -DUSE_HAL_DRIVER -DSTM32F411xE -c -I../Core/Inc -I../Drivers/STM32F4xx_HAL_Driver/Inc -I../Drivers/STM32F4xx_HAL_Driver/Inc/Legacy -I../Drivers/CMSIS/Device/ST/STM32F4xx/Include -I../Drivers/CMSIS/Include -O0 -ffunction-sections -fdata-sections -Wall -fstack-usage -fcyclomatic-complexity -MMD -MP -MF"Core/Src/main.d" -MT"Core/Src/main.o" --specs=nano.specs -mfpu=fpv4-sp-d16 -mfloat-abi=hard -mthumb -o "Core/Src/main.o"
../Core/Src/main.c: In function 'main':
../Core/Src/main.c:98:3: warning: implicit declaration of function 'printf' [-Wimplicit-function-declaration]
   98 |   printf("DC motor example.\n");
      |   ^~~~~~
../Core/Src/main.c:25:1: note: include '<stdio.h>' or provide a declaration of 'printf'
   24 | #include "uart.h"
  +++ |+#include <stdio.h>
   25 | /* USER CODE END Includes */
../Core/Src/main.c:98:3: warning: incompatible implicit declaration of built-in function 'printf' [-Wbuiltin-declaration-mismatch]
   98 |   printf("DC motor example.\n");
      |   ^~~~~~
../Core/Src/main.c:98:3: note: include '<stdio.h>' or provide a declaration of 'printf'
arm-none-eabi-gcc -o "DcMotor.elf" @"objects.list"   -mcpu=cortex-m4 -T"C:\Users\user\STM32CubeIDE\workspace_1.14.0\DcMotor\STM32F411RETX_FLASH.ld" --specs=nosys.specs -Wl,-Map="DcMotor.map" -Wl,--gc-sections -static --specs=nano.specs -mfpu=fpv4-sp-d16 -mfloat-abi=hard -mthumb -Wl,--start-group -lc -lm -Wl,--end-group
Finished building target: DcMotor.elf
 
arm-none-eabi-size  DcMotor.elf 
arm-none-eabi-objdump -h -S DcMotor.elf  > "DcMotor.list"
   text	   data	    bss	    dec	    hex	filename
  17696	    112	   2312	  20120	   4e98	DcMotor.elf
Finished building: default.size.stdout
 
Finished building: DcMotor.list
 

16:06:37 Build Finished. 0 errors, 2 warnings. (took 5s.163ms)

