11:55:42 **** Incremental Build of configuration Debug for project detectColor ****
make -j4 all 
arm-none-eabi-gcc "../Core/Src/main.c" -mcpu=cortex-m4 -std=gnu11 -g3 -DDEBUG -DUSE_HAL_DRIVER -DSTM32F411xE -c -I../Core/Inc -I../Drivers/STM32F4xx_HAL_Driver/Inc -I../Drivers/STM32F4xx_HAL_Driver/Inc/Legacy -I../Drivers/CMSIS/Device/ST/STM32F4xx/Include -I../Drivers/CMSIS/Include -O0 -ffunction-sections -fdata-sections -Wall -fstack-usage -fcyclomatic-complexity -MMD -MP -MF"Core/Src/main.d" -MT"Core/Src/main.o" --specs=nano.specs -mfpu=fpv4-sp-d16 -mfloat-abi=hard -mthumb -o "Core/Src/main.o"
../Core/Src/main.c: In function 'launchDetectColor':
../Core/Src/main.c:98:13: warning: format '%d' expects argument of type 'int', but argument 2 has type 'long int' [-Wformat=]
   98 |    printf("%d, %d, %d\n",
      |            ~^
      |             |
      |             int
      |            %ld
   99 |                  map(valueR, 0, 4095, 255, 0),
      |                  ~~~~~~~~~~~~~~~~~~~~~~~~~~~~
      |                  |
      |                  long int
../Core/Src/main.c:98:17: warning: format '%d' expects argument of type 'int', but argument 3 has type 'long int' [-Wformat=]
   98 |    printf("%d, %d, %d\n",
      |                ~^
      |                 |
      |                 int
      |                %ld
   99 |                  map(valueR, 0, 4095, 255, 0),
  100 |                          map(valueG, 0, 4095, 255, 0),
      |                          ~~~~~~~~~~~~~~~~~~~~~~~~~~~~
      |                          |
      |                          long int
../Core/Src/main.c:98:21: warning: format '%d' expects argument of type 'int', but argument 4 has type 'long int' [-Wformat=]
   98 |    printf("%d, %d, %d\n",
      |                    ~^
      |                     |
      |                     int
      |                    %ld
......
  101 |                          map(valueB, 0, 4095, 255, 0));
      |                          ~~~~~~~~~~~~~~~~~~~~~~~~~~~~
      |                          |
      |                          long int
arm-none-eabi-gcc -o "detectColor.elf" @"objects.list"   -mcpu=cortex-m4 -T"C:\Users\user\STM32CubeIDE\workspace_1.14.0\detectColor\STM32F411RETX_FLASH.ld" --specs=nosys.specs -Wl,-Map="detectColor.map" -Wl,--gc-sections -static --specs=nano.specs -mfpu=fpv4-sp-d16 -mfloat-abi=hard -mthumb -Wl,--start-group -lc -lm -Wl,--end-group
Finished building target: detectColor.elf
 
arm-none-eabi-size  detectColor.elf 
arm-none-eabi-objdump -h -S detectColor.elf  > "detectColor.list"
   text	   data	    bss	    dec	    hex	filename
  20564	    112	   2488	  23164	   5a7c	detectColor.elf
Finished building: default.size.stdout
 
Finished building: detectColor.list
 

11:56:02 Build Finished. 0 errors, 3 warnings. (took 20s.173ms)

