11:41:13 **** Incremental Build of configuration Debug for project freeRTOS ****
make -j4 all 
arm-none-eabi-gcc "../Core/Src/main.c" -mcpu=cortex-m4 -std=gnu11 -g3 -DDEBUG -DUSE_HAL_DRIVER -DSTM32F411xE -c -I../Core/Inc -I../Drivers/STM32F4xx_HAL_Driver/Inc -I../Drivers/STM32F4xx_HAL_Driver/Inc/Legacy -I../Drivers/CMSIS/Device/ST/STM32F4xx/Include -I../Drivers/CMSIS/Include -I../Middlewares/Third_Party/FreeRTOS/Source/include -I../Middlewares/Third_Party/FreeRTOS/Source/CMSIS_RTOS_V2 -I../Middlewares/Third_Party/FreeRTOS/Source/portable/GCC/ARM_CM4F -O0 -ffunction-sections -fdata-sections -Wall -fstack-usage -fcyclomatic-complexity -MMD -MP -MF"Core/Src/main.d" -MT"Core/Src/main.o" --specs=nano.specs -mfpu=fpv4-sp-d16 -mfloat-abi=hard -mthumb -o "Core/Src/main.o"
../Core/Src/main.c: In function 'StartDefaultTask':
../Core/Src/main.c:283:9: warning: implicit declaration of function 'initUart' [-Wimplicit-function-declaration]
  283 |         initUart(&huart2);
      |         ^~~~~~~~
../Core/Src/main.c:287:9: warning: implicit declaration of function 'printf' [-Wimplicit-function-declaration]
  287 |         printf("default task\n");
      |         ^~~~~~
../Core/Src/main.c:22:1: note: include '<stdio.h>' or provide a declaration of 'printf'
   21 | #include "cmsis_os.h"
  +++ |+#include <stdio.h>
   22 | 
../Core/Src/main.c:287:9: warning: incompatible implicit declaration of built-in function 'printf' [-Wbuiltin-declaration-mismatch]
  287 |         printf("default task\n");
      |         ^~~~~~
../Core/Src/main.c:287:9: note: include '<stdio.h>' or provide a declaration of 'printf'
../Core/Src/main.c: In function 'funcTask1':
../Core/Src/main.c:306:9: warning: incompatible implicit declaration of built-in function 'printf' [-Wbuiltin-declaration-mismatch]
  306 |         printf("funcTask1\n");
      |         ^~~~~~
../Core/Src/main.c:306:9: note: include '<stdio.h>' or provide a declaration of 'printf'
../Core/Src/main.c: In function 'funcTask2':
../Core/Src/main.c:321:9: warning: incompatible implicit declaration of built-in function 'printf' [-Wbuiltin-declaration-mismatch]
  321 |         printf("funcTast2\n");
      |         ^~~~~~
../Core/Src/main.c:321:9: note: include '<stdio.h>' or provide a declaration of 'printf'
arm-none-eabi-gcc -o "freeRTOS.elf" @"objects.list"   -mcpu=cortex-m4 -T"C:\Users\user\STM32CubeIDE\workspace_1.14.0\freeRTOS\STM32F411RETX_FLASH.ld" --specs=nosys.specs -Wl,-Map="freeRTOS.map" -Wl,--gc-sections -static --specs=nano.specs -mfpu=fpv4-sp-d16 -mfloat-abi=hard -mthumb -Wl,--start-group -lc -lm -Wl,--end-group
Finished building target: freeRTOS.elf
 
arm-none-eabi-size  freeRTOS.elf 
arm-none-eabi-objdump -h -S freeRTOS.elf  > "freeRTOS.list"
   text	   data	    bss	    dec	    hex	filename
  22232	    116	  20764	  43112	   a868	freeRTOS.elf
Finished building: default.size.stdout
 
Finished building: freeRTOS.list
 

11:41:19 Build Finished. 0 errors, 5 warnings. (took 5s.305ms)

