10:49:13 **** Incremental Build of configuration Debug for project servoMotor ****
make -j4 all 
arm-none-eabi-gcc "../Core/Src/main.c" -mcpu=cortex-m4 -std=gnu11 -g3 -DDEBUG -DUSE_HAL_DRIVER -DSTM32F411xE -c -I../Core/Inc -I../Drivers/STM32F4xx_HAL_Driver/Inc -I../Drivers/STM32F4xx_HAL_Driver/Inc/Legacy -I../Drivers/CMSIS/Device/ST/STM32F4xx/Include -I../Drivers/CMSIS/Include -O0 -ffunction-sections -fdata-sections -Wall -fstack-usage -fcyclomatic-complexity -MMD -MP -MF"Core/Src/main.d" -MT"Core/Src/main.o" --specs=nano.specs -mfpu=fpv4-sp-d16 -mfloat-abi=hard -mthumb -o "Core/Src/main.o"
../Core/Src/main.c: In function 'main':
../Core/Src/main.c:114:6: warning: implicit declaration of function 'printf' [-Wimplicit-function-declaration]
  114 |      printf("%d\n", angleServo);
      |      ^~~~~~
../Core/Src/main.c:25:1: note: include '<stdio.h>' or provide a declaration of 'printf'
   24 | #include "uart.h"
  +++ |+#include <stdio.h>
   25 | /* USER CODE END Includes */
../Core/Src/main.c:114:6: warning: incompatible implicit declaration of built-in function 'printf' [-Wbuiltin-declaration-mismatch]
  114 |      printf("%d\n", angleServo);
      |      ^~~~~~
../Core/Src/main.c:114:6: note: include '<stdio.h>' or provide a declaration of 'printf'
arm-none-eabi-gcc -o "servoMotor.elf" @"objects.list"   -mcpu=cortex-m4 -T"C:\Users\user\STM32CubeIDE\workspace_1.14.0\servoMotor\STM32F411RETX_FLASH.ld" --specs=nosys.specs -Wl,-Map="servoMotor.map" -Wl,--gc-sections -static --specs=nano.specs -mfpu=fpv4-sp-d16 -mfloat-abi=hard -mthumb -Wl,--start-group -lc -lm -Wl,--end-group
Finished building target: servoMotor.elf
 
arm-none-eabi-size  servoMotor.elf 
arm-none-eabi-objdump -h -S servoMotor.elf  > "servoMotor.list"
   text	   data	    bss	    dec	    hex	filename
  19800	    112	   2384	  22296	   5718	servoMotor.elf
Finished building: default.size.stdout
 
Finished building: servoMotor.list
 

10:49:18 Build Finished. 0 errors, 2 warnings. (took 4s.928ms)

