11:59:29 **** Incremental Build of configuration Debug for project systick ****
make -j4 all 
arm-none-eabi-gcc "../Core/Src/main.c" -mcpu=cortex-m4 -std=gnu11 -g3 -DDEBUG -DUSE_HAL_DRIVER -DSTM32F411xE -c -I../Core/Inc -I../Drivers/STM32F4xx_HAL_Driver/Inc -I../Drivers/STM32F4xx_HAL_Driver/Inc/Legacy -I../Drivers/CMSIS/Device/ST/STM32F4xx/Include -I../Drivers/CMSIS/Include -O0 -ffunction-sections -fdata-sections -Wall -fstack-usage -fcyclomatic-complexity -MMD -MP -MF"Core/Src/main.d" -MT"Core/Src/main.o" --specs=nano.specs -mfpu=fpv4-sp-d16 -mfloat-abi=hard -mthumb -o "Core/Src/main.o"
../Core/Src/main.c: In function 'main':
../Core/Src/main.c:115:8: warning: unused variable 'curSwitchState' [-Wunused-variable]
  115 |   bool curSwitchState;
      |        ^~~~~~~~~~~~~~
arm-none-eabi-gcc -o "systick.elf" @"objects.list"   -mcpu=cortex-m4 -T"C:\Users\user\STM32CubeIDE\workspace_1.14.0\systick\STM32F411RETX_FLASH.ld" --specs=nosys.specs -Wl,-Map="systick.map" -Wl,--gc-sections -static --specs=nano.specs -mfpu=fpv4-sp-d16 -mfloat-abi=hard -mthumb -Wl,--start-group -lc -lm -Wl,--end-group
Finished building target: systick.elf
 
arm-none-eabi-size  systick.elf 
arm-none-eabi-objdump -h -S systick.elf  > "systick.list"
   text	   data	    bss	    dec	    hex	filename
  15200	    116	   1996	  17312	   43a0	systick.elf
Finished building: default.size.stdout
 
Finished building: systick.list
 

11:59:34 Build Finished. 0 errors, 1 warnings. (took 5s.73ms)

