13:56:37 **** Incremental Build of configuration Debug for project ultrasonicRadar ****
make -j4 all 
arm-none-eabi-gcc "../Core/Src/main.c" -mcpu=cortex-m4 -std=gnu11 -g3 -DDEBUG -DUSE_HAL_DRIVER -DSTM32F411xE -c -I../Core/Inc -I../Drivers/STM32F4xx_HAL_Driver/Inc -I../Drivers/STM32F4xx_HAL_Driver/Inc/Legacy -I../Drivers/CMSIS/Device/ST/STM32F4xx/Include -I../Drivers/CMSIS/Include -O0 -ffunction-sections -fdata-sections -Wall -fstack-usage -fcyclomatic-complexity -MMD -MP -MF"Core/Src/main.d" -MT"Core/Src/main.o" --specs=nano.specs -mfpu=fpv4-sp-d16 -mfloat-abi=hard -mthumb -o "Core/Src/main.o"
../Core/Src/main.c: In function 'main':
../Core/Src/main.c:167:10: warning: implicit declaration of function 'transmitPacket' [-Wimplicit-function-declaration]
  167 |          transmitPacket(txData);
      |          ^~~~~~~~~~~~~~
arm-none-eabi-gcc -o "ultrasonicRadar.elf" @"objects.list"   -mcpu=cortex-m4 -T"C:\Users\user\STM32CubeIDE\workspace_1.14.0\ultrasonicRadar\STM32F411RETX_FLASH.ld" --specs=nosys.specs -Wl,-Map="ultrasonicRadar.map" -Wl,--gc-sections -static --specs=nano.specs -mfpu=fpv4-sp-d16 -mfloat-abi=hard -mthumb -Wl,--start-group -lc -lm -Wl,--end-group
Finished building target: ultrasonicRadar.elf
 
arm-none-eabi-size  ultrasonicRadar.elf 
arm-none-eabi-objdump -h -S ultrasonicRadar.elf  > "ultrasonicRadar.list"
   text	   data	    bss	    dec	    hex	filename
  20944	     20	   2140	  23104	   5a40	ultrasonicRadar.elf
Finished building: default.size.stdout
 
Finished building: ultrasonicRadar.list
 

13:56:46 Build Finished. 0 errors, 1 warnings. (took 8s.400ms)

